<testsuite name="Django Project Tests" errors="0" failures="0" skips="0" tests="2" time="0.002"><testcase time="0.000168" classname="tests.test_game.test_game_models.MyTestCase" name="test_board_default_state" /><testcase time="0.000024" classname="tests.test_game.test_game_models.MyTestCase" name="test_game_default_state" /></testsuite>